2026-07-26T02:19:19.982Z run: start phase=refine
2026-07-26T02:19:19.998Z phase:refine: start
2026-07-26T02:20:17.406Z phase:refine: done ms=57408
2026-07-26T02:20:28.982Z phase:research: start
2026-07-26T02:20:34.511Z worker:files: start
2026-07-26T02:20:41.288Z worker:files: thinking…
2026-07-26T02:20:42.050Z worker:files: ls: /data/data/com.termux/files/home/arinanoX
2026-07-26T02:20:42.689Z worker:files: thinking…
2026-07-26T02:20:44.099Z worker:files: read: /data/data/com.termux/files/home/arinanoX/bootstrap.sh
2026-07-26T02:20:44.100Z worker:files: read: /data/data/com.termux/files/home/arinanoX/image/Dockerfile
2026-07-26T02:20:44.100Z worker:files: read: /data/data/com.termux/files/home/arinanoX/launchers/start.sh
2026-07-26T02:20:44.101Z worker:files: read: /data/data/com.termux/files/home/arinanoX/launchers/stop.sh
2026-07-26T02:20:44.101Z worker:files: read: /data/data/com.termux/files/home/arinanoX/launchers/update.sh
2026-07-26T02:20:45.142Z worker:files: thinking…
2026-07-26T02:20:46.841Z worker:files: read: /data/data/com.termux/files/home/arinanoX/scripts/arinanox
2026-07-26T02:20:46.843Z worker:files: read: /data/data/com.termux/files/home/arinanoX/scripts/host-setup.sh
2026-07-26T02:20:46.844Z worker:files: read: /data/data/com.termux/files/home/arinanoX/scripts/proot-setup.sh
2026-07-26T02:20:46.845Z worker:files: read: /data/data/com.termux/files/home/arinanoX/scripts/api-bridge-setup.sh
2026-07-26T02:20:46.845Z worker:files: read: /data/data/com.termux/files/home/arinanoX/scripts/xfce-config.sh
2026-07-26T02:20:47.924Z worker:files: thinking…
2026-07-26T02:20:49.700Z worker:files: read: /data/data/com.termux/files/home/arinanoX/scripts/launcher-gen.sh
2026-07-26T02:20:49.701Z worker:files: read: /data/data/com.termux/files/home/arinanoX/scripts/motd-setup.sh
2026-07-26T02:20:49.701Z worker:files: read: /data/data/com.termux/files/home/arinanoX/scripts/doctor.sh
2026-07-26T02:20:49.701Z worker:files: read: /data/data/com.termux/files/home/arinanoX/scripts/status.sh
2026-07-26T02:20:49.701Z worker:files: read: /data/data/com.termux/files/home/arinanoX/scripts/seccomp-check.sh
2026-07-26T02:20:49.702Z worker:files: read: /data/data/com.termux/files/home/arinanoX/scripts/seccomp-fix.sh
2026-07-26T02:20:50.784Z worker:files: thinking…
2026-07-26T02:20:52.480Z worker:files: read: /data/data/com.termux/files/home/arinanoX/scripts/proot-rollback.sh
2026-07-26T02:20:52.481Z worker:files: read: /data/data/com.termux/files/home/arinanoX/scripts/proot-backup.sh
2026-07-26T02:20:52.481Z worker:files: read: /data/data/com.termux/files/home/arinanoX/scripts/proot-restore.sh
2026-07-26T02:20:52.482Z worker:files: read: /data/data/com.termux/files/home/arinanoX/scripts/patch.sh
2026-07-26T02:20:52.482Z worker:files: read: /data/data/com.termux/files/home/arinanoX/scripts/manifest-generate.sh
2026-07-26T02:20:52.483Z worker:files: read: /data/data/com.termux/files/home/arinanoX/scripts/manifest-apply.sh
2026-07-26T02:20:53.517Z worker:files: thinking…
2026-07-26T02:20:54.821Z worker:files: read: /data/data/com.termux/files/home/arinanoX/scripts/user-snapshot.sh
2026-07-26T02:20:54.823Z worker:files: read: /data/data/com.termux/files/home/arinanoX/scripts/setup-ai-stack.sh
2026-07-26T02:20:54.824Z worker:files: read: /data/data/com.termux/files/home/arinanoX/scripts/theme-dark.sh
2026-07-26T02:20:54.825Z worker:files: read: /data/data/com.termux/files/home/arinanoX/uninstall.sh
2026-07-26T02:20:54.826Z worker:files: read: /data/data/com.termux/files/home/arinanoX/.github/workflows/build-image.yml
2026-07-26T02:20:55.909Z worker:files: thinking…
2026-07-26T02:20:57.142Z worker:files: ls: /data/data/com.termux/files/home/arinanoX/image/configs-target/home/admin
2026-07-26T02:20:57.145Z worker:files: ls: /data/data/com.termux/files/home/arinanoX/image/configs-target/home/admin/.arinanox/tools
2026-07-26T02:20:57.146Z worker:files: ls: /data/data/com.termux/files/home/arinanoX/image/configs
2026-07-26T02:20:58.234Z worker:files: thinking…
2026-07-26T02:21:00.721Z worker:files: read: /data/data/com.termux/files/home/arinanoX/image/configs-target/home/admin/.bashrc
2026-07-26T02:21:00.722Z worker:files: read: /data/data/com.termux/files/home/arinanoX/image/configs-target/home/admin/.config/xfce4/xfconf/xfce-perchannel-xml/xsettings.xml
2026-07-26T02:21:00.724Z worker:files: read: /data/data/com.termux/files/home/arinanoX/image/configs-target/home/admin/.config/xfce4/xfconf/xfce-perchannel-xml/xfwm4.xml
2026-07-26T02:21:00.724Z worker:files: read: /data/data/com.termux/files/home/arinanoX/image/configs-target/home/admin/.config/xfce4/xfconf/xfce-perchannel-xml/xfce4-panel.xml
2026-07-26T02:21:00.725Z worker:files: read: /data/data/com.termux/files/home/arinanoX/image/configs-target/home/admin/.config/xfce4/xfconf/xfce-perchannel-xml/xfce4-desktop.xml
2026-07-26T02:21:00.725Z worker:files: read: /data/data/com.termux/files/home/arinanoX/image/configs-target/home/admin/.config/xfce4/xfconf/xfce-perchannel-xml/xfce4-keyboard-shortcuts.xml
2026-07-26T02:21:00.726Z worker:files: read: /data/data/com.termux/files/home/arinanoX/image/configs-target/home/admin/.config/xfce4/xfconf/xfce-perchannel-xml/thunar.xml
2026-07-26T02:21:02.155Z worker:files: thinking…
2026-07-26T02:21:04.178Z worker:files: read: /data/data/com.termux/files/home/arinanoX/image/configs-target/home/admin/.config/gtk-3.0/gtk.css
2026-07-26T02:21:04.180Z worker:files: read: /data/data/com.termux/files/home/arinanoX/image/configs-target/home/admin/.pulse/client.conf
2026-07-26T02:21:04.180Z worker:files: read: /data/data/com.termux/files/home/arinanoX/image/configs-target/home/admin/.local/share/applications/arinanox-store.desktop
2026-07-26T02:21:04.182Z worker:files: read: /data/data/com.termux/files/home/arinanoX/image/configs-target/home/admin/.config/autostart/clipboard-sync.desktop
2026-07-26T02:21:04.182Z worker:files: read: /data/data/com.termux/files/home/arinanoX/image/configs-target/home/admin/.arinanox/tools/apt-store.sh
2026-07-26T02:21:04.183Z worker:files: read: /data/data/com.termux/files/home/arinanoX/image/configs-target/home/admin/.arinanox/tools/tapi-utils.sh
2026-07-26T02:21:05.698Z worker:files: thinking…
2026-07-26T02:21:07.669Z worker:files: read: /data/data/com.termux/files/home/arinanoX/image/configs-target/home/admin/.arinanox/tools/clipboard-sync.sh
2026-07-26T02:21:07.671Z worker:files: read: /data/data/com.termux/files/home/arinanoX/image/configs-target/home/admin/.arinanox/tools/genmon-battery.sh
2026-07-26T02:21:07.671Z worker:files: read: /data/data/com.termux/files/home/arinanoX/image/configs-target/home/admin/.arinanox/tools/genmon-volume.sh
2026-07-26T02:21:07.671Z worker:files: read: /data/data/com.termux/files/home/arinanoX/image/configs/ai-stack/user.js
2026-07-26T02:21:07.671Z worker:files: read: /data/data/com.termux/files/home/arinanoX/image/configs/ai-stack/setup-ai-stack.sh
2026-07-26T02:21:09.628Z worker:files: thinking…
2026-07-26T02:21:11.386Z worker:files: read: /data/data/com.termux/files/home/arinanoX/configs/user.js
2026-07-26T02:21:11.387Z worker:files: read: /data/data/com.termux/files/home/arinanoX/image/.dockerignore
2026-07-26T02:21:11.387Z worker:files: ls: /data/data/com.termux/files/home/arinanoX/archive
2026-07-26T02:21:11.387Z worker:files: ls: /data/data/com.termux/files/home/arinanoX/docs
2026-07-26T02:21:11.387Z worker:files: read: /data/data/com.termux/files/home/arinanoX/image/configs/bashrc
2026-07-26T02:21:11.387Z worker:files: read: /data/data/com.termux/files/home/arinanoX/image/configs/client.conf
2026-07-26T02:21:12.551Z worker:files: thinking…
2026-07-26T02:21:13.614Z worker:files: read: /data/data/com.termux/files/home/arinanoX/.gitignore
2026-07-26T02:21:13.612Z worker:files: read: /data/data/com.termux/files/home/arinanoX/archive/run-api-bridge.sh
2026-07-26T02:21:13.615Z worker:files: read: /data/data/com.termux/files/home/arinanoX/README.md
2026-07-26T02:21:14.819Z worker:files: thinking…
2026-07-26T02:21:15.936Z worker:files: read: /data/data/com.termux/files/home/arinanoX/docs/plan-ai-stack.md
2026-07-26T02:21:15.937Z worker:files: read: /data/data/com.termux/files/home/arinanoX/archive/apply-xfce-config.sh
2026-07-26T02:21:15.938Z worker:files: read: /data/data/com.termux/files/home/arinanoX/launchers/kill-all.sh
2026-07-26T02:21:17.272Z worker:files: thinking…
2026-07-26T02:21:18.558Z worker:files: read: /data/data/com.termux/files/home/arinanoX/archive/setup-proot-xfce.sh
2026-07-26T02:21:18.560Z worker:files: read: /data/data/com.termux/files/home/arinanoX/archive/setup-termux-native.sh
2026-07-26T02:21:18.560Z worker:files: read: /data/data/com.termux/files/home/arinanoX/archive/install-tui-packages.sh
2026-07-26T02:21:18.561Z worker:files: read: /data/data/com.termux/files/home/arinanoX/archive/launch-pi-vnc.sh
2026-07-26T02:21:21.157Z worker:files: thinking…
2026-07-26T02:21:22.283Z worker:files: read: /data/data/com.termux/files/home/arinanoX/docs/firefox-userjs-proot.md
2026-07-26T02:21:22.283Z worker:files: read: /data/data/com.termux/files/home/arinanoX/docs/docs-proot-tapi.md
2026-07-26T02:21:25.044Z worker:files: thinking…
2026-07-26T02:21:27.921Z worker:files: read: /data/data/com.termux/files/home/arinanoX/docs/docs-termux-api.md
2026-07-26T02:21:27.921Z worker:files: read: /data/data/com.termux/files/home/arinanoX/docs/README-termux.md
2026-07-26T02:21:27.921Z worker:files: read: /data/data/com.termux/files/home/arinanoX/docs/debug-xfce-render.md
2026-07-26T02:21:30.528Z worker:files: thinking…
2026-07-26T02:21:31.559Z worker:files: read: /data/data/com.termux/files/home/arinanoX/docs/audit-update-flow.md
2026-07-26T02:21:31.559Z worker:files: read: /data/data/com.termux/files/home/arinanoX/docs/ai-stack-usage.md
2026-07-26T02:21:33.039Z worker:files: thinking…
2026-07-26T02:21:33.803Z worker:files: writing answer…
2026-07-26T02:22:17.073Z worker:files: done exit=0 wait=5418ms work=97141ms
2026-07-26T02:22:17.079Z worker:apis: start
2026-07-26T02:22:21.412Z worker:apis: thinking…
2026-07-26T02:22:23.181Z worker:apis: read: /data/data/com.termux/files/home/arinanoX/bootstrap.sh
2026-07-26T02:22:23.182Z worker:apis: read: /data/data/com.termux/files/home/arinanoX/scripts/arinanox
2026-07-26T02:22:23.183Z worker:apis: read: /data/data/com.termux/files/home/arinanoX/launchers/start.sh
2026-07-26T02:22:23.183Z worker:apis: read: /data/data/com.termux/files/home/arinanoX/launchers/stop.sh
2026-07-26T02:22:23.183Z worker:apis: read: /data/data/com.termux/files/home/arinanoX/launchers/update.sh
2026-07-26T02:22:24.682Z worker:apis: thinking…
2026-07-26T02:22:25.925Z worker:apis: read: /data/data/com.termux/files/home/arinanoX/image/Dockerfile
2026-07-26T02:22:25.926Z worker:apis: read: /data/data/com.termux/files/home/arinanoX/.github/workflows/build-image.yml
2026-07-26T02:22:25.926Z worker:apis: read: /data/data/com.termux/files/home/arinanoX/scripts/host-setup.sh
2026-07-26T02:22:25.927Z worker:apis: read: /data/data/com.termux/files/home/arinanoX/scripts/proot-setup.sh
2026-07-26T02:22:26.871Z worker:apis: thinking…
2026-07-26T02:22:28.096Z worker:apis: read: /data/data/com.termux/files/home/arinanoX/scripts/api-bridge-setup.sh
2026-07-26T02:22:28.097Z worker:apis: read: /data/data/com.termux/files/home/arinanoX/scripts/launcher-gen.sh
2026-07-26T02:22:28.098Z worker:apis: read: /data/data/com.termux/files/home/arinanoX/scripts/doctor.sh
2026-07-26T02:22:28.098Z worker:apis: read: /data/data/com.termux/files/home/arinanoX/scripts/seccomp-check.sh
2026-07-26T02:22:28.099Z worker:apis: read: /data/data/com.termux/files/home/arinanoX/scripts/seccomp-fix.sh
2026-07-26T02:22:29.558Z worker:apis: thinking…
2026-07-26T02:22:30.853Z worker:apis: read: /data/data/com.termux/files/home/arinanoX/scripts/proot-rollback.sh
2026-07-26T02:22:30.854Z worker:apis: read: /data/data/com.termux/files/home/arinanoX/scripts/proot-backup.sh
2026-07-26T02:22:30.854Z worker:apis: read: /data/data/com.termux/files/home/arinanoX/scripts/proot-restore.sh
2026-07-26T02:22:30.854Z worker:apis: read: /data/data/com.termux/files/home/arinanoX/scripts/patch.sh
2026-07-26T02:22:30.854Z worker:apis: read: /data/data/com.termux/files/home/arinanoX/scripts/manifest-generate.sh
2026-07-26T02:22:32.031Z worker:apis: thinking…
2026-07-26T02:22:33.406Z worker:apis: read: /data/data/com.termux/files/home/arinanoX/scripts/manifest-apply.sh
2026-07-26T02:22:33.408Z worker:apis: read: /data/data/com.termux/files/home/arinanoX/scripts/user-snapshot.sh
2026-07-26T02:22:33.409Z worker:apis: read: /data/data/com.termux/files/home/arinanoX/scripts/status.sh
2026-07-26T02:22:33.409Z worker:apis: read: /data/data/com.termux/files/home/arinanoX/scripts/motd-setup.sh
2026-07-26T02:22:33.410Z worker:apis: read: /data/data/com.termux/files/home/arinanoX/scripts/xfce-config.sh
2026-07-26T02:22:35.034Z worker:apis: thinking…
2026-07-26T02:22:36.560Z worker:apis: read: /data/data/com.termux/files/home/arinanoX/uninstall.sh
2026-07-26T02:22:36.562Z worker:apis: read: /data/data/com.termux/files/home/arinanoX/scripts/setup-ai-stack.sh
2026-07-26T02:22:36.563Z worker:apis: read: /data/data/com.termux/files/home/arinanoX/image/configs/ai-stack/setup-ai-stack.sh
2026-07-26T02:22:36.564Z worker:apis: read: /data/data/com.termux/files/home/arinanoX/archive/run-api-bridge.sh
2026-07-26T02:22:38.166Z worker:apis: thinking…
2026-07-26T02:22:40.058Z worker:apis: read: /data/data/com.termux/files/home/arinanoX/image/configs-target/home/admin/.bashrc
2026-07-26T02:22:40.060Z worker:apis: read: /data/data/com.termux/files/home/arinanoX/image/configs-target/home/admin/.config/gtk-3.0/gtk.css
2026-07-26T02:22:40.061Z worker:apis: read: /data/data/com.termux/files/home/arinanoX/image/configs-target/home/admin/.config/autostart/clipboard-sync.desktop
2026-07-26T02:22:40.061Z worker:apis: read: /data/data/com.termux/files/home/arinanoX/image/configs-target/home/admin/.local/share/applications/arinanox-store.desktop
2026-07-26T02:22:40.061Z worker:apis: read: /data/data/com.termux/files/home/arinanoX/image/configs-target/home/admin/.pulse/client.conf
2026-07-26T02:22:41.537Z worker:apis: thinking…
2026-07-26T02:22:42.865Z worker:apis: read: /data/data/com.termux/files/home/arinanoX/image/configs-target/home/admin/.arinanox/tools/tapi-utils.sh
2026-07-26T02:22:42.866Z worker:apis: read: /data/data/com.termux/files/home/arinanoX/image/configs-target/home/admin/.arinanox/tools/clipboard-sync.sh
2026-07-26T02:22:42.867Z worker:apis: read: /data/data/com.termux/files/home/arinanoX/image/configs-target/home/admin/.arinanox/tools/genmon-battery.sh
2026-07-26T02:22:42.867Z worker:apis: read: /data/data/com.termux/files/home/arinanoX/image/configs-target/home/admin/.arinanox/tools/genmon-volume.sh
2026-07-26T02:22:44.654Z worker:apis: thinking…
2026-07-26T02:22:46.504Z worker:apis: read: /data/data/com.termux/files/home/arinanoX/image/configs-target/home/admin/.config/xfce4/xfconf/xfce-perchannel-xml/xsettings.xml
2026-07-26T02:22:46.506Z worker:apis: read: /data/data/com.termux/files/home/arinanoX/image/configs-target/home/admin/.config/xfce4/xfconf/xfce-perchannel-xml/xfwm4.xml
2026-07-26T02:22:46.506Z worker:apis: read: /data/data/com.termux/files/home/arinanoX/image/configs-target/home/admin/.config/xfce4/xfconf/xfce-perchannel-xml/xfce4-panel.xml
2026-07-26T02:22:46.506Z worker:apis: read: /data/data/com.termux/files/home/arinanoX/image/configs-target/home/admin/.config/xfce4/xfconf/xfce-perchannel-xml/xfce4-desktop.xml
2026-07-26T02:22:46.506Z worker:apis: read: /data/data/com.termux/files/home/arinanoX/image/configs-target/home/admin/.config/xfce4/xfconf/xfce-perchannel-xml/xfce4-keyboard-shortcuts.xml
2026-07-26T02:22:46.507Z worker:apis: read: /data/data/com.termux/files/home/arinanoX/image/configs-target/home/admin/.config/xfce4/xfconf/xfce-perchannel-xml/thunar.xml
2026-07-26T02:22:47.623Z worker:apis: thinking…
2026-07-26T02:22:49.104Z worker:apis: ls: /data/data/com.termux/files/home/arinanoX/image/configs/ai-stack
2026-07-26T02:22:49.104Z worker:apis: read: /data/data/com.termux/files/home/arinanoX/image/configs/ai-stack/user.js
2026-07-26T02:22:49.104Z worker:apis: read: /data/data/com.termux/files/home/arinanoX/scripts/theme-dark.sh
2026-07-26T02:22:51.458Z worker:apis: thinking…
2026-07-26T02:22:52.518Z worker:apis: read: /data/data/com.termux/files/home/arinanoX/image/configs-target/home/admin/.arinanox/tools/apt-store.sh
2026-07-26T02:22:52.519Z worker:apis: read: /data/data/com.termux/files/home/arinanoX/README.md
2026-07-26T02:22:53.539Z worker:apis: thinking…
2026-07-26T02:22:54.065Z worker:apis: writing answer…
2026-07-26T02:23:44.326Z worker:apis: done exit=0 wait=1476ms work=85770ms
2026-07-26T02:23:44.338Z worker:context: start
2026-07-26T02:23:52.791Z worker:context: thinking…
2026-07-26T02:23:54.448Z worker:context: read: image/Dockerfile
2026-07-26T02:23:54.449Z worker:context: read: bootstrap.sh
2026-07-26T02:23:54.451Z worker:context: read: launchers/start.sh
2026-07-26T02:23:54.452Z worker:context: read: launchers/stop.sh
2026-07-26T02:23:54.452Z worker:context: read: launchers/update.sh
2026-07-26T02:23:55.922Z worker:context: thinking…
2026-07-26T02:23:58.324Z worker:context: read: scripts/arinanox
2026-07-26T02:23:58.328Z worker:context: read: scripts/host-setup.sh
2026-07-26T02:23:58.328Z worker:context: read: scripts/proot-setup.sh
2026-07-26T02:23:58.328Z worker:context: read: scripts/api-bridge-setup.sh
2026-07-26T02:23:58.329Z worker:context: read: scripts/xfce-config.sh
2026-07-26T02:23:58.329Z worker:context: read: scripts/launcher-gen.sh
2026-07-26T02:23:58.330Z worker:context: read: scripts/motd-setup.sh
2026-07-26T02:23:59.557Z worker:context: thinking…
2026-07-26T02:24:01.832Z worker:context: read: scripts/doctor.sh
2026-07-26T02:24:01.833Z worker:context: read: scripts/status.sh
2026-07-26T02:24:01.833Z worker:context: read: scripts/seccomp-check.sh
2026-07-26T02:24:01.833Z worker:context: read: scripts/seccomp-fix.sh
2026-07-26T02:24:01.834Z worker:context: read: scripts/proot-rollback.sh
2026-07-26T02:24:01.834Z worker:context: read: scripts/proot-backup.sh
2026-07-26T02:24:01.834Z worker:context: read: scripts/proot-restore.sh
2026-07-26T02:24:01.834Z worker:context: read: scripts/manifest-generate.sh
2026-07-26T02:24:01.835Z worker:context: read: scripts/manifest-apply.sh
2026-07-26T02:24:01.835Z worker:context: read: scripts/user-snapshot.sh
2026-07-26T02:24:03.288Z worker:context: thinking…
2026-07-26T02:24:04.645Z worker:context: read: scripts/patch.sh
2026-07-26T02:24:04.647Z worker:context: read: uninstall.sh
2026-07-26T02:24:04.647Z worker:context: read: .github/workflows/build-image.yml
2026-07-26T02:24:04.647Z worker:context: read: scripts/setup-ai-stack.sh
2026-07-26T02:24:04.649Z worker:context: read: image/.dockerignore
2026-07-26T02:24:05.614Z worker:context: thinking…
2026-07-26T02:24:08.148Z worker:context: read: image/configs-target/home/admin/.bashrc
2026-07-26T02:24:08.149Z worker:context: read: image/configs-target/home/admin/.config/xfce4/xfconf/xfce-perchannel-xml/xsettings.xml
2026-07-26T02:24:08.149Z worker:context: read: image/configs-target/home/admin/.config/xfce4/xfconf/xfce-perchannel-xml/xfwm4.xml
2026-07-26T02:24:08.149Z worker:context: read: image/configs-target/home/admin/.config/xfce4/xfconf/xfce-perchannel-xml/xfce4-panel.xml
2026-07-26T02:24:08.149Z worker:context: read: image/configs-target/home/admin/.config/xfce4/xfconf/xfce-perchannel-xml/xfce4-desktop.xml
2026-07-26T02:24:08.149Z worker:context: read: image/configs-target/home/admin/.config/xfce4/xfconf/xfce-perchannel-xml/xfce4-keyboard-shortcuts.xml
2026-07-26T02:24:08.150Z worker:context: read: image/configs-target/home/admin/.config/xfce4/xfconf/xfce-perchannel-xml/thunar.xml
2026-07-26T02:24:10.118Z worker:context: thinking…
2026-07-26T02:24:12.384Z worker:context: read: image/configs-target/home/admin/.config/gtk-3.0/gtk.css
2026-07-26T02:24:12.385Z worker:context: read: image/configs-target/home/admin/.config/autostart/clipboard-sync.desktop
2026-07-26T02:24:12.386Z worker:context: read: image/configs-target/home/admin/.pulse/client.conf
2026-07-26T02:24:12.386Z worker:context: read: image/configs-target/home/admin/.arinanox/tools/apt-store.sh
2026-07-26T02:24:12.386Z worker:context: read: image/configs-target/home/admin/.arinanox/tools/clipboard-sync.sh
2026-07-26T02:24:12.386Z worker:context: read: image/configs-target/home/admin/.arinanox/tools/genmon-battery.sh
2026-07-26T02:24:12.387Z worker:context: read: image/configs-target/home/admin/.arinanox/tools/genmon-volume.sh
2026-07-26T02:24:12.387Z worker:context: read: image/configs-target/home/admin/.arinanox/tools/tapi-utils.sh
2026-07-26T02:24:14.406Z worker:context: thinking…
2026-07-26T02:24:18.429Z worker:context: read: image/configs/ai-stack/user.js
2026-07-26T02:24:18.430Z worker:context: read: image/configs/ai-stack/setup-ai-stack.sh
2026-07-26T02:24:18.430Z worker:context: read: image/configs/ai-stack/plan-ai-stack.md
2026-07-26T02:24:18.431Z worker:context: read: image/configs/bashrc
2026-07-26T02:24:18.431Z worker:context: read: image/configs/genmon-battery.sh
2026-07-26T02:24:18.431Z worker:context: read: image/configs/genmon-volume.sh
2026-07-26T02:24:18.432Z worker:context: read: image/configs/clipboard-sync.sh
2026-07-26T02:24:18.432Z worker:context: read: image/configs/tapi-utils.sh
2026-07-26T02:24:18.432Z worker:context: read: image/configs/client.conf
2026-07-26T02:24:18.432Z worker:context: read: image/configs/gtk.css
2026-07-26T02:24:18.432Z worker:context: read: image/configs/autostart/clipboard-sync.desktop
2026-07-26T02:24:18.432Z worker:context: read: image/configs/xfwm4.xml
2026-07-26T02:24:18.433Z worker:context: read: image/configs/thunar.xml
2026-07-26T02:24:21.016Z worker:context: thinking…
2026-07-26T02:24:22.485Z worker:context: read: image/configs-target/home/admin/.local/share/applications/arinanox-store.desktop
2026-07-26T02:24:22.487Z worker:context: read: configs/user.js
2026-07-26T02:24:22.487Z worker:context: grep: import|require|source|\. \/
2026-07-26T02:24:24.374Z worker:context: thinking…
2026-07-26T02:24:26.211Z worker:context: read: archive/setup-proot-xfce.sh
2026-07-26T02:24:26.212Z worker:context: read: archive/run-api-bridge.sh
2026-07-26T02:24:26.212Z worker:context: read: launchers/kill-all.sh
2026-07-26T02:24:26.212Z worker:context: read: launchers/kill-proot.sh
2026-07-26T02:24:26.212Z worker:context: read: launchers/kill-x11.sh
2026-07-26T02:24:26.212Z worker:context: read: docs/README-termux.md
2026-07-26T02:24:26.212Z worker:context: read: docs/docs-termux-api.md
2026-07-26T02:24:27.674Z worker:context: thinking…
2026-07-26T02:24:29.691Z worker:context: read: docs/docs-proot-tapi.md
2026-07-26T02:24:29.692Z worker:context: read: docs/debug-xfce-render.md
2026-07-26T02:24:29.692Z worker:context: read: docs/audit-update-flow.md
2026-07-26T02:24:29.692Z worker:context: read: docs/ai-stack-usage.md
2026-07-26T02:24:29.692Z worker:context: read: launchers/start-x11.sh
2026-07-26T02:24:29.693Z worker:context: read: launchers/start-xfce.sh
2026-07-26T02:24:29.693Z worker:context: read: scripts/theme-dark.sh
2026-07-26T02:24:31.112Z worker:context: thinking…
2026-07-26T02:24:32.634Z worker:context: read: docs/firefox-userjs-proot.md
2026-07-26T02:24:32.635Z worker:context: read: README.md
2026-07-26T02:24:32.637Z worker:context: read: .gitignore
2026-07-26T02:24:32.638Z worker:context: read: archive/apply-xfce-config.sh
2026-07-26T02:24:32.639Z worker:context: read: archive/install-tui-packages.sh
2026-07-26T02:24:33.913Z worker:context: thinking…
2026-07-26T02:24:35.495Z worker:context: read: README.md
2026-07-26T02:24:35.501Z worker:context: read: archive/setup-termux-native.sh
2026-07-26T02:24:35.503Z worker:context: read: archive/launch-pi-vnc.sh
2026-07-26T02:24:35.504Z worker:context: read: blueprint.md
2026-07-26T02:24:35.505Z worker:context: read: audit.md
2026-07-26T02:24:36.786Z worker:context: thinking…
2026-07-26T02:24:37.575Z worker:context: read: package.json
2026-07-26T02:24:37.576Z worker:context: read: blueprint.md
2026-07-26T02:24:38.975Z worker:context: thinking…
2026-07-26T02:24:39.762Z worker:context: writing answer…
2026-07-26T02:25:31.531Z worker:context: done exit=0 wait=5700ms work=101491ms
2026-07-26T02:25:31.550Z worker:tooling: start
2026-07-26T02:25:34.904Z worker:tooling: thinking…
2026-07-26T02:25:36.792Z worker:tooling: ls: /data/data/com.termux/files/home/arinanoX
2026-07-26T02:25:36.792Z worker:tooling: read: /data/data/com.termux/files/home/arinanoX/.github/workflows/build-image.yml
2026-07-26T02:25:36.792Z worker:tooling: read: /data/data/com.termux/files/home/arinanoX/bootstrap.sh
2026-07-26T02:25:36.792Z worker:tooling: read: /data/data/com.termux/files/home/arinanoX/image/Dockerfile
2026-07-26T02:25:36.793Z worker:tooling: read: /data/data/com.termux/files/home/arinanoX/launchers/start.sh
2026-07-26T02:25:36.793Z worker:tooling: read: /data/data/com.termux/files/home/arinanoX/launchers/stop.sh
2026-07-26T02:25:38.020Z worker:tooling: thinking…
2026-07-26T02:25:39.603Z worker:tooling: read: /data/data/com.termux/files/home/arinanoX/launchers/update.sh
2026-07-26T02:25:39.604Z worker:tooling: read: /data/data/com.termux/files/home/arinanoX/scripts/arinanox
2026-07-26T02:25:39.605Z worker:tooling: read: /data/data/com.termux/files/home/arinanoX/scripts/host-setup.sh
2026-07-26T02:25:39.605Z worker:tooling: read: /data/data/com.termux/files/home/arinanoX/scripts/proot-setup.sh
2026-07-26T02:25:39.606Z worker:tooling: read: /data/data/com.termux/files/home/arinanoX/scripts/api-bridge-setup.sh
2026-07-26T02:25:39.607Z worker:tooling: read: /data/data/com.termux/files/home/arinanoX/scripts/xfce-config.sh
2026-07-26T02:25:40.322Z worker:tooling: thinking…
2026-07-26T02:25:42.011Z worker:tooling: read: /data/data/com.termux/files/home/arinanoX/scripts/launcher-gen.sh
2026-07-26T02:25:42.012Z worker:tooling: read: /data/data/com.termux/files/home/arinanoX/scripts/motd-setup.sh
2026-07-26T02:25:42.013Z worker:tooling: read: /data/data/com.termux/files/home/arinanoX/scripts/proot-rollback.sh
2026-07-26T02:25:42.013Z worker:tooling: read: /data/data/com.termux/files/home/arinanoX/scripts/proot-backup.sh
2026-07-26T02:25:42.014Z worker:tooling: read: /data/data/com.termux/files/home/arinanoX/scripts/proot-restore.sh
2026-07-26T02:25:42.014Z worker:tooling: read: /data/data/com.termux/files/home/arinanoX/scripts/patch.sh
2026-07-26T02:25:42.014Z worker:tooling: read: /data/data/com.termux/files/home/arinanoX/scripts/seccomp-check.sh
2026-07-26T02:25:43.253Z worker:tooling: thinking…
2026-07-26T02:25:45.013Z worker:tooling: read: /data/data/com.termux/files/home/arinanoX/scripts/seccomp-fix.sh
2026-07-26T02:25:45.013Z worker:tooling: read: /data/data/com.termux/files/home/arinanoX/scripts/doctor.sh
2026-07-26T02:25:45.014Z worker:tooling: read: /data/data/com.termux/files/home/arinanoX/scripts/status.sh
2026-07-26T02:25:45.015Z worker:tooling: read: /data/data/com.termux/files/home/arinanoX/scripts/manifest-generate.sh
2026-07-26T02:25:45.015Z worker:tooling: read: /data/data/com.termux/files/home/arinanoX/scripts/manifest-apply.sh
2026-07-26T02:25:45.015Z worker:tooling: read: /data/data/com.termux/files/home/arinanoX/scripts/user-snapshot.sh
2026-07-26T02:25:45.016Z worker:tooling: read: /data/data/com.termux/files/home/arinanoX/scripts/setup-ai-stack.sh
2026-07-26T02:25:46.072Z worker:tooling: thinking…
2026-07-26T02:25:47.444Z worker:tooling: read: /data/data/com.termux/files/home/arinanoX/uninstall.sh
2026-07-26T02:25:47.445Z worker:tooling: read: /data/data/com.termux/files/home/arinanoX/run-api-bridge.sh
2026-07-26T02:25:47.446Z worker:tooling: read: /data/data/com.termux/files/home/arinanoX/configs/user.js
2026-07-26T02:25:47.447Z worker:tooling: ls: /data/data/com.termux/files/home/arinanoX/image/configs-target/home/admin/.arinanox/tools
2026-07-26T02:25:47.448Z worker:tooling: read: /data/data/com.termux/files/home/arinanoX/image/configs-target/home/admin/.bashrc
2026-07-26T02:25:48.563Z worker:tooling: thinking…
2026-07-26T02:25:50.796Z worker:tooling: read: /data/data/com.termux/files/home/arinanoX/image/configs-target/home/admin/.arinanox/tools/apt-store.sh
2026-07-26T02:25:50.797Z worker:tooling: read: /data/data/com.termux/files/home/arinanoX/image/configs-target/home/admin/.arinanox/tools/clipboard-sync.sh
2026-07-26T02:25:50.798Z worker:tooling: read: /data/data/com.termux/files/home/arinanoX/image/configs-target/home/admin/.arinanox/tools/tapi-utils.sh
2026-07-26T02:25:50.799Z worker:tooling: read: /data/data/com.termux/files/home/arinanoX/image/configs-target/home/admin/.arinanox/tools/genmon-battery.sh
2026-07-26T02:25:50.799Z worker:tooling: read: /data/data/com.termux/files/home/arinanoX/image/configs-target/home/admin/.arinanox/tools/genmon-volume.sh
2026-07-26T02:25:50.799Z worker:tooling: read: /data/data/com.termux/files/home/arinanoX/image/configs-target/home/admin/.config/xfce4/xfconf/xfce-perchannel-xml/xsettings.xml
2026-07-26T02:25:50.800Z worker:tooling: read: /data/data/com.termux/files/home/arinanoX/image/configs-target/home/admin/.config/xfce4/xfconf/xfce-perchannel-xml/xfwm4.xml
2026-07-26T02:25:52.191Z worker:tooling: thinking…
2026-07-26T02:25:54.744Z worker:tooling: read: /data/data/com.termux/files/home/arinanoX/image/configs-target/home/admin/.config/xfce4/xfconf/xfce-perchannel-xml/xfce4-panel.xml
2026-07-26T02:25:54.746Z worker:tooling: read: /data/data/com.termux/files/home/arinanoX/image/configs-target/home/admin/.config/xfce4/xfconf/xfce-perchannel-xml/xfce4-desktop.xml
2026-07-26T02:25:54.747Z worker:tooling: read: /data/data/com.termux/files/home/arinanoX/image/configs-target/home/admin/.config/xfce4/xfconf/xfce-perchannel-xml/xfce4-keyboard-shortcuts.xml
2026-07-26T02:25:54.747Z worker:tooling: read: /data/data/com.termux/files/home/arinanoX/image/configs-target/home/admin/.config/xfce4/xfconf/xfce-perchannel-xml/thunar.xml
2026-07-26T02:25:54.747Z worker:tooling: read: /data/data/com.termux/files/home/arinanoX/image/configs-target/home/admin/.config/gtk-3.0/gtk.css
2026-07-26T02:25:54.747Z worker:tooling: read: /data/data/com.termux/files/home/arinanoX/image/configs-target/home/admin/.config/autostart/clipboard-sync.desktop
2026-07-26T02:25:54.748Z worker:tooling: read: /data/data/com.termux/files/home/arinanoX/image/configs-target/home/admin/.local/share/applications/arinanox-store.desktop
2026-07-26T02:25:55.941Z worker:tooling: thinking…
2026-07-26T02:25:58.151Z worker:tooling: read: /data/data/com.termux/files/home/arinanoX/image/configs-target/home/admin/.pulse/client.conf
2026-07-26T02:25:58.152Z worker:tooling: read: /data/data/com.termux/files/home/arinanoX/launchers/start-x11.sh
2026-07-26T02:25:58.152Z worker:tooling: read: /data/data/com.termux/files/home/arinanoX/launchers/start-xfce.sh
2026-07-26T02:25:58.153Z worker:tooling: read: /data/data/com.termux/files/home/arinanoX/launchers/kill-all.sh
2026-07-26T02:25:58.153Z worker:tooling: read: /data/data/com.termux/files/home/arinanoX/launchers/kill-proot.sh
2026-07-26T02:25:58.154Z worker:tooling: read: /data/data/com.termux/files/home/arinanoX/launchers/kill-x11.sh
2026-07-26T02:25:58.154Z worker:tooling: read: /data/data/com.termux/files/home/arinanoX/image/configs/ai-stack/user.js
2026-07-26T02:25:59.500Z worker:tooling: thinking…
2026-07-26T02:26:01.160Z worker:tooling: read: /data/data/com.termux/files/home/arinanoX/image/configs/ai-stack/setup-ai-stack.sh
2026-07-26T02:26:01.161Z worker:tooling: read: /data/data/com.termux/files/home/arinanoX/image/.dockerignore
2026-07-26T02:26:01.162Z worker:tooling: read: /data/data/com.termux/files/home/arinanoX/.gitignore
2026-07-26T02:26:01.161Z worker:tooling: read: /data/data/com.termux/files/home/arinanoX/scripts/theme-dark.sh
2026-07-26T02:26:01.162Z worker:tooling: read: /data/data/com.termux/files/home/arinanoX/docs/plan-ai-stack.md
2026-07-26T02:26:01.163Z worker:tooling: read: /data/data/com.termux/files/home/arinanoX/docs/README-termux.md
2026-07-26T02:26:02.300Z worker:tooling: thinking…
2026-07-26T02:26:04.190Z worker:tooling: read: /data/data/com.termux/files/home/arinanoX/docs/ai-stack-usage.md
2026-07-26T02:26:04.191Z worker:tooling: read: /data/data/com.termux/files/home/arinanoX/docs/debug-xfce-render.md
2026-07-26T02:26:04.192Z worker:tooling: read: /data/data/com.termux/files/home/arinanoX/docs/docs-proot-tapi.md
2026-07-26T02:26:04.193Z worker:tooling: read: /data/data/com.termux/files/home/arinanoX/docs/docs-termux-api.md
2026-07-26T02:26:04.193Z worker:tooling: read: /data/data/com.termux/files/home/arinanoX/docs/firefox-userjs-proot.md
2026-07-26T02:26:04.194Z worker:tooling: read: /data/data/com.termux/files/home/arinanoX/docs/audit-update-flow.md
2026-07-26T02:26:04.194Z worker:tooling: read: /data/data/com.termux/files/home/arinanoX/audit.md
2026-07-26T02:26:05.447Z worker:tooling: thinking…
2026-07-26T02:26:06.906Z worker:tooling: ls: /data/data/com.termux/files/home/arinanoX/archive
2026-07-26T02:26:06.907Z worker:tooling: ls: /data/data/com.termux/files/home/arinanoX/launchers/.v1-backup
2026-07-26T02:26:06.905Z worker:tooling: read: /data/data/com.termux/files/home/arinanoX/blueprint.md
2026-07-26T02:26:06.908Z worker:tooling: ls: /data/data/com.termux/files/home/arinanoX/.pi-tasks
2026-07-26T02:26:06.908Z worker:tooling: read: /data/data/com.termux/files/home/arinanoX/image/configs/ai-stack/plan-ai-stack.md
2026-07-26T02:26:08.840Z worker:tooling: thinking…
2026-07-26T02:26:09.671Z worker:tooling: read: /data/data/com.termux/files/home/arinanoX/blueprint.md
2026-07-26T02:26:12.942Z worker:tooling: thinking…
2026-07-26T02:26:13.137Z worker:tooling: writing answer…
2026-07-26T02:27:43.259Z worker:tooling: done exit=0 wait=1354ms work=130352ms
2026-07-26T02:28:00.342Z phase:research: done ms=451359
2026-07-26T02:28:00.352Z phase:grill: start
2026-07-26T02:28:11.371Z phase:grill: done ms=11019
2026-07-26T02:28:11.435Z phase:compose: start
2026-07-26T02:28:34.516Z phase:compose: done ms=23080
2026-07-26T02:28:34.532Z phase:critique: start
2026-07-26T02:29:23.716Z phase:critique: done ms=49183
