2026-07-24T23:02:48.433Z run: start phase=refine
2026-07-24T23:02:48.441Z phase:refine: start
2026-07-24T23:03:02.980Z phase:refine: done ms=14539
2026-07-24T23:03:08.955Z phase:research: start
2026-07-24T23:03:17.953Z orientation: pre-supplied 1 core files
2026-07-24T23:03:17.959Z worker:files: start
2026-07-24T23:03:20.148Z worker:files: thinking…
2026-07-24T23:03:22.786Z worker:files: read: /data/data/com.termux/files/home/arinanoX/package.json
2026-07-24T23:03:22.787Z worker:files: ls: /data/data/com.termux/files/home/arinanoX
2026-07-24T23:03:23.552Z worker:files: thinking…
2026-07-24T23:03:25.381Z worker:files: ls: /data/data/com.termux/files/home/arinanoX/scripts
2026-07-24T23:03:25.382Z worker:files: grep: /data/data/com.termux/files/home/arinanoX
2026-07-24T23:03:25.383Z worker:files: grep: /data/data/com.termux/files/home/arinanoX
2026-07-24T23:03:26.108Z worker:files: thinking…
2026-07-24T23:03:27.317Z worker:files: read: /data/data/com.termux/files/home/arinanoX/README.md
2026-07-24T23:03:27.318Z worker:files: read: /data/data/com.termux/files/home/arinanoX/package-lock.json
2026-07-24T23:03:27.318Z worker:files: read: /data/data/com.termux/files/home/arinanoX/launchers/start.sh
2026-07-24T23:03:28.312Z worker:files: thinking…
2026-07-24T23:03:29.694Z worker:files: ls: /data/data/com.termux/files/home/arinanoX/.pi-tasks
2026-07-24T23:03:30.647Z worker:files: thinking…
2026-07-24T23:03:31.517Z worker:files: read: /data/data/com.termux/files/home/arinanoX/node_modules/headroom-ai/package.json
2026-07-24T23:03:32.160Z worker:files: thinking…
2026-07-24T23:03:33.496Z worker:files: read: /data/data/com.termux/files/home/arinanoX/launchers/update.sh
2026-07-24T23:03:33.497Z worker:files: read: /data/data/com.termux/files/home/arinanoX/launchers/stop.sh
2026-07-24T23:03:34.308Z worker:files: thinking…
2026-07-24T23:03:35.280Z worker:files: writing answer…
2026-07-24T23:03:35.877Z worker:files: done exit=0 wait=1018ms work=16896ms
2026-07-24T23:03:35.891Z worker:apis: start
2026-07-24T23:03:38.116Z worker:apis: thinking…
2026-07-24T23:03:40.008Z worker:apis: writing answer…
2026-07-24T23:03:40.437Z worker:apis: read: /data/data/com.termux/files/home/arinanoX/package.json
2026-07-24T23:03:41.132Z worker:apis: thinking…
2026-07-24T23:03:46.216Z worker:apis: pi-worker-docs: headroom-ai "Does headroom-ai expose a CLI binary? What is the name of t…"
2026-07-24T23:03:52.916Z worker:apis: thinking…
2026-07-24T23:03:53.724Z worker:apis: read: /data/data/com.termux/files/home/arinanoX/node_modules/headroom-ai/package.json
2026-07-24T23:03:54.476Z worker:apis: thinking…
2026-07-24T23:03:55.167Z worker:apis: read: /data/data/com.termux/files/home/arinanoX/package-lock.json
2026-07-24T23:03:55.924Z worker:apis: thinking…
2026-07-24T23:03:57.209Z worker:apis: writing answer…
2026-07-24T23:03:57.798Z worker:apis: ls: /data/data/com.termux/files/home/arinanoX/scripts
2026-07-24T23:03:58.600Z worker:apis: thinking…
2026-07-24T23:04:06.469Z worker:apis: read: /data/data/com.termux/files/home/arinanoX/package.json
2026-07-24T23:04:07.147Z worker:apis: thinking…
2026-07-24T23:04:09.307Z worker:apis: writing answer…
2026-07-24T23:04:10.493Z worker:apis: done exit=0 wait=1212ms work=33388ms
2026-07-24T23:04:10.512Z worker:context: start
2026-07-24T23:04:12.794Z worker:context: thinking…
2026-07-24T23:04:14.899Z worker:context: read: /data/data/com.termux/files/home/arinanoX/package.json
2026-07-24T23:04:14.900Z worker:context: read: /data/data/com.termux/files/home/arinanoX/package-lock.json
2026-07-24T23:04:15.468Z worker:context: thinking…
2026-07-24T23:04:18.272Z worker:context: grep: /data/data/com.termux/files/home/arinanoX/package.json
2026-07-24T23:04:18.272Z worker:context: grep: /data/data/com.termux/files/home/arinanoX/README.md
2026-07-24T23:04:18.272Z worker:context: read: /data/data/com.termux/files/home/arinanoX/package-lock.json
2026-07-24T23:04:18.957Z worker:context: thinking…
2026-07-24T23:04:22.631Z worker:context: read: /data/data/com.termux/files/home/arinanoX/package.json
2026-07-24T23:04:23.301Z worker:context: thinking…
2026-07-24T23:04:23.994Z worker:context: writing answer…
2026-07-24T23:04:28.041Z worker:context: done exit=0 wait=1078ms work=16446ms
2026-07-24T23:04:28.060Z worker:tooling: start
2026-07-24T23:04:29.919Z worker:tooling: thinking…
2026-07-24T23:04:33.925Z worker:tooling: read: /data/data/com.termux/files/home/arinanoX/package.json
2026-07-24T23:04:33.926Z worker:tooling: read: /data/data/com.termux/files/home/arinanoX/image/Dockerfile
2026-07-24T23:04:33.928Z worker:tooling: find: docker-compose*
2026-07-24T23:04:33.928Z worker:tooling: find: tsconfig*
2026-07-24T23:04:33.927Z worker:tooling: find: Makefile
2026-07-24T23:04:33.929Z worker:tooling: find: *.eslintrc*
2026-07-24T23:04:33.930Z worker:tooling: find: playwright.config*
2026-07-24T23:04:33.930Z worker:tooling: find: jest.config*
2026-07-24T23:04:33.931Z worker:tooling: find: vitest.config*
2026-07-24T23:04:33.931Z worker:tooling: find: .github/workflows/*
2026-07-24T23:04:34.480Z worker:tooling: thinking…
2026-07-24T23:04:36.643Z worker:tooling: read: /data/data/com.termux/files/home/arinanoX/.github/workflows/build-image.yml
2026-07-24T23:04:36.644Z worker:tooling: ls: /data/data/com.termux/files/home/arinanoX
2026-07-24T23:04:36.645Z worker:tooling: find: *.test.*
2026-07-24T23:04:36.646Z worker:tooling: find: *.spec.*
2026-07-24T23:04:36.647Z worker:tooling: find: *lint*
2026-07-24T23:04:36.647Z worker:tooling: grep: /data/data/com.termux/files/home/arinanoX/package.json
2026-07-24T23:04:37.544Z worker:tooling: thinking…
2026-07-24T23:04:37.969Z worker:tooling: read: /data/data/com.termux/files/home/arinanoX/package.json
2026-07-24T23:04:38.990Z worker:tooling: thinking…
2026-07-24T23:04:40.668Z worker:tooling: ls: /data/data/com.termux/files/home/arinanoX/scripts
2026-07-24T23:04:40.669Z worker:tooling: ls: /data/data/com.termux/files/home/arinanoX/.pi-tasks
2026-07-24T23:04:41.634Z worker:tooling: thinking…
2026-07-24T23:04:42.382Z worker:tooling: writing answer…
2026-07-24T23:04:42.565Z worker:tooling: done exit=0 wait=1024ms work=13480ms
2026-07-24T23:04:47.999Z phase:research: done ms=99043
2026-07-24T23:04:48.009Z phase:grill: start
2026-07-24T23:04:55.137Z phase:grill: done ms=7127
2026-07-24T23:04:55.154Z phase:compose: start
2026-07-24T23:05:01.704Z phase:compose: done ms=6550
2026-07-24T23:05:01.713Z phase:critique: start
2026-07-24T23:06:06.538Z phase:critique: done ms=64825
